<html>
<body>
<pre>
<h1>µVision Build Log</h1>
<h2>Tool Versions:</h2>
IDE-Version: ¦ÌVision V5.35.0.0
Copyright (C) 2021 ARM Ltd and ARM Germany GmbH. All rights reserved.
License Information: 11111 111111, 111111, LIC=MPPLD-81UVI-IIL5V-PB5B1-YXSR9-SKUGK
 
Tool Versions:
Toolchain:       MDK-ARM Plus  Version: 5.35.0.2
Toolchain Path:  F:\KeilMDKARM5.35\ARM\ARMCC\Bin
C Compiler:      Armcc.exe V5.06 update 7 (build 960)
Assembler:       Armasm.exe V5.06 update 7 (build 960)
Linker/Locator:  ArmLink.exe V5.06 update 7 (build 960)
Library Manager: ArmAr.exe V5.06 update 7 (build 960)
Hex Converter:   FromElf.exe V5.06 update 7 (build 960)
CPU DLL:         SARMCM3.DLL V5.35.0.2
Dialog DLL:      DCM.DLL V1.17.3.0
Target DLL:      UL2CM3.DLL V1.164.0.0
Dialog DLL:      TCM.DLL V1.53.0.0
 
<h2>Project:</h2>
C:\Users\asus\Desktop\Ñ­¼£Ð¡³µ\keil\USER\Template.uvprojx
Project File Date:  11/08/2022

<h2>Output:</h2>
*** Using Compiler 'V5.06 update 7 (build 960)', folder: 'F:\KeilMDKARM5.35\ARM\ARMCC\Bin'
Rebuild target 'Template'
compiling main.c...
pwm.h(6): warning:  #1-D: last line of file ends without a newline
  #endif
dir.h(8): warning:  #1295-D: Deprecated declaration AIN_Init - give arg types
  void AIN_Init();
dir.h(9): warning:  #1295-D: Deprecated declaration roll1 - give arg types
  void roll1();
dir.h(10): warning:  #1295-D: Deprecated declaration roll0 - give arg types
  void roll0();
dir.h(12): warning:  #1-D: last line of file ends without a newline
  #endif
main.c: 5 warnings, 0 errors
compiling stm32f10x_it.c...
compiling delay.c...
compiling system_stm32f10x.c...
assembling startup_stm32f10x_md.s...
compiling core_cm3.c...
compiling usart.c...
compiling misc.c...
compiling stm32f10x_adc.c...
compiling sys.c...
compiling stm32f10x_bkp.c...
compiling stm32f10x_can.c...
compiling stm32f10x_crc.c...
compiling stm32f10x_cec.c...
compiling stm32f10x_exti.c...
compiling stm32f10x_dbgmcu.c...
compiling stm32f10x_dac.c...
compiling stm32f10x_dma.c...
compiling stm32f10x_i2c.c...
compiling stm32f10x_gpio.c...
compiling stm32f10x_fsmc.c...
compiling stm32f10x_flash.c...
compiling stm32f10x_iwdg.c...
compiling stm32f10x_pwr.c...
compiling stm32f10x_rcc.c...
compiling stm32f10x_rtc.c...
compiling stm32f10x_spi.c...
compiling stm32f10x_sdio.c...
compiling stm32f10x_usart.c...
compiling stm32f10x_tim.c...
compiling stm32f10x_wwdg.c...
compiling dir.c...
dir.h(8): warning:  #1295-D: Deprecated declaration AIN_Init - give arg types
  void AIN_Init();
dir.h(9): warning:  #1295-D: Deprecated declaration roll1 - give arg types
  void roll1();
dir.h(10): warning:  #1295-D: Deprecated declaration roll0 - give arg types
  void roll0();
dir.h(12): warning:  #1-D: last line of file ends without a newline
  #endif
dir.c(18): warning:  #1-D: last line of file ends without a newline
  }
dir.c: 5 warnings, 0 errors
compiling pwm.c...
linking...
Program Size: Code=2972 RO-data=268 RW-data=52 ZI-data=1836  
FromELF: creating hex file...
"..\OBJ\Template.axf" - 0 Error(s), 10 Warning(s).

<h2>Software Packages used:</h2>

Package Vendor: Keil
                http://www.keil.com/pack/Keil.STM32F1xx_DFP.2.3.0.pack
                Keil.STM32F1xx_DFP.2.3.0
                STMicroelectronics STM32F1 Series Device Support, Drivers and Examples

<h2>Collection of Component include folders:</h2>
  F:\KeilMDKARM5.35\Keil\STM32F1xx_DFP\2.3.0\Device\Include

<h2>Collection of Component Files used:</h2>
Build Time Elapsed:  00:00:10
</pre>
</body>
</html>
